// Jest Snapshot v1, https://goo.gl/fbAQLP

exports[`Interests should show error when fetching interest suggestions failed 1`] = `
Array [
  <h1
    className="sc-cMljjf ghKTLH"
  >
    Kiinnostukset
  </h1>,
  <div>
    error
  </div>,
]
`;

exports[`Interests should show interest suggestions when fetched successfully 1`] = `
Array [
  <h1
    className="sc-kAzzGY fPsSYY"
  >
    Kiinnostukset
  </h1>,
  <p>
    Valitse mahdollisimman tarkasti mitkä alla olevista asioista sinua kiinnostavat. Mitä tarkemmin valitset, sitä paremmin pystymme etsimään sinulle sopivia koulutuksia.
  </p>,
  <h2
    className="sc-chPdSV bVBjBE"
  >
    Valitse seuraavista ainakin 5 sinua kiinnostavaa asiaa
  </h2>,
  <ul
    className="sc-jWBwVP krmyvL"
  >
    <li
      className="sc-brqgnP lcnAMd"
    >
      <div
        style={
          Object {
            "display": "contents",
          }
        }
      >
        <button
          className="sc-kpOJdX fGnFRR"
          onClick={[Function]}
          selected={false}
          value="Taide ja kulttuuri"
        >
          Taide ja kulttuuri
          <div
            className="sc-dxgOiQ cyadVE"
            selected={false}
          >
            <svg
              data-file-name="SvgCheckmark"
              style={
                Object {
                  "height": "1rem",
                  "marginTop": "0.7rem",
                  "stroke": "#e2e2e2",
                  "strokeWidth": 2,
                  "width": "1rem",
                }
              }
            />
          </div>
        </button>
      </div>
    </li>
    <li
      className="sc-brqgnP lcnAMd"
    >
      <div
        style={
          Object {
            "display": "contents",
          }
        }
      >
        <button
          className="sc-kpOJdX fGnFRR"
          onClick={[Function]}
          selected={false}
          value="Luonto ja ympäristö"
        >
          Luonto ja ympäristö
          <div
            className="sc-dxgOiQ cyadVE"
            selected={false}
          >
            <svg
              data-file-name="SvgCheckmark"
              style={
                Object {
                  "height": "1rem",
                  "marginTop": "0.7rem",
                  "stroke": "#e2e2e2",
                  "strokeWidth": 2,
                  "width": "1rem",
                }
              }
            />
          </div>
        </button>
      </div>
    </li>
    <li
      className="sc-brqgnP lcnAMd"
    >
      <div
        style={
          Object {
            "display": "contents",
          }
        }
      >
        <button
          className="sc-kpOJdX fGnFRR"
          onClick={[Function]}
          selected={false}
          value="Maantiede ja yhteiskuntasuunnittelu"
        >
          Maantiede ja yhteiskuntasuunnittelu
          <div
            className="sc-dxgOiQ cyadVE"
            selected={false}
          >
            <svg
              data-file-name="SvgCheckmark"
              style={
                Object {
                  "height": "1rem",
                  "marginTop": "0.7rem",
                  "stroke": "#e2e2e2",
                  "strokeWidth": 2,
                  "width": "1rem",
                }
              }
            />
          </div>
        </button>
      </div>
    </li>
    <li
      className="sc-brqgnP lcnAMd"
    >
      <div
        style={
          Object {
            "display": "contents",
          }
        }
      >
        <button
          className="sc-kpOJdX fGnFRR"
          onClick={[Function]}
          selected={false}
          value="Yhteiskunta ja talous"
        >
          Yhteiskunta ja talous
          <div
            className="sc-dxgOiQ cyadVE"
            selected={false}
          >
            <svg
              data-file-name="SvgCheckmark"
              style={
                Object {
                  "height": "1rem",
                  "marginTop": "0.7rem",
                  "stroke": "#e2e2e2",
                  "strokeWidth": 2,
                  "width": "1rem",
                }
              }
            />
          </div>
        </button>
      </div>
    </li>
    <li
      className="sc-brqgnP lcnAMd"
    >
      <div
        style={
          Object {
            "display": "contents",
          }
        }
      >
        <button
          className="sc-kpOJdX fGnFRR"
          onClick={[Function]}
          selected={false}
          value="Turvallisuus "
        >
          Turvallisuus 
          <div
            className="sc-dxgOiQ cyadVE"
            selected={false}
          >
            <svg
              data-file-name="SvgCheckmark"
              style={
                Object {
                  "height": "1rem",
                  "marginTop": "0.7rem",
                  "stroke": "#e2e2e2",
                  "strokeWidth": 2,
                  "width": "1rem",
                }
              }
            />
          </div>
        </button>
      </div>
    </li>
    <li
      className="sc-brqgnP lcnAMd"
    >
      <div
        style={
          Object {
            "display": "contents",
          }
        }
      >
        <button
          className="sc-kpOJdX fGnFRR"
          onClick={[Function]}
          selected={false}
          value="Koulutus"
        >
          Koulutus
          <div
            className="sc-dxgOiQ cyadVE"
            selected={false}
          >
            <svg
              data-file-name="SvgCheckmark"
              style={
                Object {
                  "height": "1rem",
                  "marginTop": "0.7rem",
                  "stroke": "#e2e2e2",
                  "strokeWidth": 2,
                  "width": "1rem",
                }
              }
            />
          </div>
        </button>
      </div>
    </li>
    <li
      className="sc-brqgnP lcnAMd"
    >
      <div
        style={
          Object {
            "display": "contents",
          }
        }
      >
        <button
          className="sc-kpOJdX fGnFRR"
          onClick={[Function]}
          selected={false}
          value="Terveys ja hyvinvointi"
        >
          Terveys ja hyvinvointi
          <div
            className="sc-dxgOiQ cyadVE"
            selected={false}
          >
            <svg
              data-file-name="SvgCheckmark"
              style={
                Object {
                  "height": "1rem",
                  "marginTop": "0.7rem",
                  "stroke": "#e2e2e2",
                  "strokeWidth": 2,
                  "width": "1rem",
                }
              }
            />
          </div>
        </button>
      </div>
    </li>
    <li
      className="sc-brqgnP lcnAMd"
    >
      <div
        style={
          Object {
            "display": "contents",
          }
        }
      >
        <button
          className="sc-kpOJdX fGnFRR"
          onClick={[Function]}
          selected={false}
          value="Viestintä"
        >
          Viestintä
          <div
            className="sc-dxgOiQ cyadVE"
            selected={false}
          >
            <svg
              data-file-name="SvgCheckmark"
              style={
                Object {
                  "height": "1rem",
                  "marginTop": "0.7rem",
                  "stroke": "#e2e2e2",
                  "strokeWidth": 2,
                  "width": "1rem",
                }
              }
            />
          </div>
        </button>
      </div>
    </li>
    <li
      className="sc-brqgnP lcnAMd"
    >
      <div
        style={
          Object {
            "display": "contents",
          }
        }
      >
        <button
          className="sc-kpOJdX fGnFRR"
          onClick={[Function]}
          selected={false}
          value="Informaatiotekniikka"
        >
          Informaatiotekniikka
          <div
            className="sc-dxgOiQ cyadVE"
            selected={false}
          >
            <svg
              data-file-name="SvgCheckmark"
              style={
                Object {
                  "height": "1rem",
                  "marginTop": "0.7rem",
                  "stroke": "#e2e2e2",
                  "strokeWidth": 2,
                  "width": "1rem",
                }
              }
            />
          </div>
        </button>
      </div>
    </li>
    <li
      className="sc-brqgnP lcnAMd"
    >
      <div
        style={
          Object {
            "display": "contents",
          }
        }
      >
        <button
          className="sc-kpOJdX fGnFRR"
          onClick={[Function]}
          selected={false}
          value="Rakennusala"
        >
          Rakennusala
          <div
            className="sc-dxgOiQ cyadVE"
            selected={false}
          >
            <svg
              data-file-name="SvgCheckmark"
              style={
                Object {
                  "height": "1rem",
                  "marginTop": "0.7rem",
                  "stroke": "#e2e2e2",
                  "strokeWidth": 2,
                  "width": "1rem",
                }
              }
            />
          </div>
        </button>
      </div>
    </li>
    <li
      className="sc-brqgnP lcnAMd"
    >
      <div
        style={
          Object {
            "display": "contents",
          }
        }
      >
        <button
          className="sc-kpOJdX fGnFRR"
          onClick={[Function]}
          selected={false}
          value="Matkailu- ja ravintola-ala"
        >
          Matkailu- ja ravintola-ala
          <div
            className="sc-dxgOiQ cyadVE"
            selected={false}
          >
            <svg
              data-file-name="SvgCheckmark"
              style={
                Object {
                  "height": "1rem",
                  "marginTop": "0.7rem",
                  "stroke": "#e2e2e2",
                  "strokeWidth": 2,
                  "width": "1rem",
                }
              }
            />
          </div>
        </button>
      </div>
    </li>
    <li
      className="sc-brqgnP lcnAMd"
    >
      <div
        style={
          Object {
            "display": "contents",
          }
        }
      >
        <button
          className="sc-kpOJdX fGnFRR"
          onClick={[Function]}
          selected={false}
          value="Liikenne ja logistiikka"
        >
          Liikenne ja logistiikka
          <div
            className="sc-dxgOiQ cyadVE"
            selected={false}
          >
            <svg
              data-file-name="SvgCheckmark"
              style={
                Object {
                  "height": "1rem",
                  "marginTop": "0.7rem",
                  "stroke": "#e2e2e2",
                  "strokeWidth": 2,
                  "width": "1rem",
                }
              }
            />
          </div>
        </button>
      </div>
    </li>
    <li
      className="sc-brqgnP lcnAMd"
    >
      <div
        style={
          Object {
            "display": "contents",
          }
        }
      >
        <button
          className="sc-kpOJdX fGnFRR"
          onClick={[Function]}
          selected={false}
          value="Historia ja uskonto"
        >
          Historia ja uskonto
          <div
            className="sc-dxgOiQ cyadVE"
            selected={false}
          >
            <svg
              data-file-name="SvgCheckmark"
              style={
                Object {
                  "height": "1rem",
                  "marginTop": "0.7rem",
                  "stroke": "#e2e2e2",
                  "strokeWidth": 2,
                  "width": "1rem",
                }
              }
            />
          </div>
        </button>
      </div>
    </li>
    <li
      className="sc-brqgnP lcnAMd"
    >
      <div
        style={
          Object {
            "display": "contents",
          }
        }
      >
        <button
          className="sc-kpOJdX fGnFRR"
          onClick={[Function]}
          selected={false}
          value="Matematiikka ja fysiikka"
        >
          Matematiikka ja fysiikka
          <div
            className="sc-dxgOiQ cyadVE"
            selected={false}
          >
            <svg
              data-file-name="SvgCheckmark"
              style={
                Object {
                  "height": "1rem",
                  "marginTop": "0.7rem",
                  "stroke": "#e2e2e2",
                  "strokeWidth": 2,
                  "width": "1rem",
                }
              }
            />
          </div>
        </button>
      </div>
    </li>
  </ul>,
]
`;

exports[`Interests should show loading indicator (placeholder tags) when fetching suggestions 1`] = `
Array [
  <h1
    className="sc-bdVaJa hqCxXu"
  >
    Kiinnostukset
  </h1>,
  <div
    className="sc-iwsKbI laYIiJ"
  >
    <div
      className="sc-VigVT TyGGh"
    >
      <div
        className="sc-htoDjs cKmTuq"
      >
        <div
          className="sc-dnqmqq jcnWGu"
        />
        <div
          className="sc-dnqmqq jcnWGu"
        />
        <div
          className="sc-dnqmqq jcnWGu"
        />
        <div
          className="sc-dnqmqq jcnWGu"
        />
      </div>
    </div>
    <div
      className="sc-gZMcBi bIDViS"
    >
      <div
        className="sc-fjdhpX khYAnD"
        width="55%"
      />
      <div
        className="sc-fjdhpX hABshK"
        width="77%"
      />
      <div
        className="sc-fjdhpX ezCgPo"
        width="65%"
      />
    </div>
    <div
      className="sc-gqjmRU ksnVNk"
    >
      <div
        className="sc-jTzLTM hDugnc"
        width="2rem"
      />
      <div
        className="sc-jTzLTM eRznqm"
        width="3rem"
      />
      <div
        className="sc-jTzLTM jtDwYV"
        width="5rem"
      />
      <div
        className="sc-jTzLTM bYVLcY"
        width="4rem"
      />
      <div
        className="sc-jTzLTM iIkCPF"
        width="3rem"
      />
      <div
        className="sc-jTzLTM UOrTg"
        width="2rem"
      />
      <div
        className="sc-jTzLTM bYVLcY"
        width="4rem"
      />
      <div
        className="sc-jTzLTM eRznqm"
        width="3rem"
      />
      <div
        className="sc-jTzLTM jtDwYV"
        width="5rem"
      />
      <div
        className="sc-jTzLTM kfvbdv"
        width="4rem"
      />
      <div
        className="sc-jTzLTM UOrTg"
        width="2rem"
      />
      <div
        className="sc-jTzLTM eRznqm"
        width="3rem"
      />
      <div
        className="sc-jTzLTM jtDwYV"
        width="5rem"
      />
      <div
        className="sc-jTzLTM bYVLcY"
        width="4rem"
      />
      <div
        className="sc-jTzLTM eRznqm"
        width="3rem"
      />
      <div
        className="sc-jTzLTM bYVLcY"
        width="4rem"
      />
      <div
        className="sc-jTzLTM iIkCPF"
        width="3rem"
      />
      <div
        className="sc-jTzLTM bYVLcY"
        width="4rem"
      />
      <div
        className="sc-jTzLTM eRznqm"
        width="3rem"
      />
      <div
        className="sc-jTzLTM UOrTg"
        width="2rem"
      />
      <div
        className="sc-jTzLTM jtDwYV"
        width="5rem"
      />
      <div
        className="sc-jTzLTM bYVLcY"
        width="4rem"
      />
    </div>
  </div>,
]
`;
