// Jest Snapshot v1, https://goo.gl/fbAQLP

exports[`Education should show added educations 1`] = `
Array [
  <h1
    className="sc-bdVaJa hqCxXu"
  >
    Koulutukset
  </h1>,
  <h2
    className="sc-bwzfXH krgDD"
  >
    Ulkomailla suoritetut tutkinnot
  </h2>,
  <div
    className="sc-ifAKCX dOlJFM"
  >
    <div>
      <h3
        className="sc-htpNat cxoWVD"
      >
        Perusopetus
      </h3>
    </div>
    <div>
      <button
        className="sc-kpOJdX sc-jKJlTe hXbFZE"
        onClick={[Function]}
      >
        Poista tutkinto
      </button>
    </div>
  </div>,
  <div
    className="sc-ifAKCX dOlJFM"
  >
    <div>
      <h3
        className="sc-htpNat cxoWVD"
      >
        Ammatillinen tutkinto
      </h3>
      <p
        className="sc-hMqMXs dtCVTd"
      >
        Käsityöalat
      </p>
    </div>
    <div>
      <button
        className="sc-kpOJdX sc-jKJlTe hXbFZE"
        onClick={[Function]}
      >
        Poista tutkinto
      </button>
    </div>
  </div>,
  <button
    className="sc-kpOJdX sc-ckVGcZ fbtVZP"
    onClick={[Function]}
  >
    Lisää muualla kuin Suomessa suoritettu tutkinto
  </button>,
]
`;
